// Jest Snapshot v1, https://goo.gl/fbAQLP

exports[`h1 should match snapshot 1`] = `
<h1>
  Hello World!
</h1>
`;
